// Vitest Snapshot v1, https://vitest.dev/guide/snapshot.html

exports[`beforeScreenshot > should be able to return the enriched instance data with \`addShadowPadding: true\` 1`] = `
{
  "addressBarShadowPadding": 0,
  "appName": "appName",
  "browserName": "browserName",
  "browserVersion": "browserVersion",
  "deviceName": "deviceName",
  "devicePixelRatio": 1,
  "deviceRectangles": {
    "bottomBar": {
      "height": 0,
      "width": 0,
      "x": 0,
      "y": 0,
    },
    "homeBar": {
      "height": 0,
      "width": 0,
      "x": 0,
      "y": 0,
    },
    "leftSidePadding": {
      "height": 0,
      "width": 0,
      "x": 0,
      "y": 0,
    },
    "rightSidePadding": {
      "height": 0,
      "width": 0,
      "x": 0,
      "y": 0,
    },
    "screenSize": {
      "height": 1,
      "width": 1,
    },
    "statusBar": {
      "height": 0,
      "width": 0,
      "x": 0,
      "y": 0,
    },
    "statusBarAndAddressBar": {
      "height": 0,
      "width": 0,
      "x": 0,
      "y": 0,
    },
    "viewport": {
      "height": 0,
      "width": 0,
      "x": 0,
      "y": 0,
    },
  },
  "isAndroid": false,
  "isAndroidChromeDriverScreenshot": false,
  "isAndroidNativeWebScreenshot": false,
  "isIOS": false,
  "isMobile": false,
  "isTestInBrowser": true,
  "isTestInMobileBrowser": false,
  "logName": "logName",
  "name": "name",
  "nativeWebScreenshot": false,
  "platformName": "platformName",
  "platformVersion": "platformVersion",
  "toolBarShadowPadding": 0,
}
`;

exports[`beforeScreenshot > should be able to return the enriched instance data with default options 1`] = `
{
  "addressBarShadowPadding": 0,
  "appName": "appName",
  "browserName": "browserName",
  "browserVersion": "browserVersion",
  "deviceName": "deviceName",
  "devicePixelRatio": 1,
  "deviceRectangles": {
    "bottomBar": {
      "height": 0,
      "width": 0,
      "x": 0,
      "y": 0,
    },
    "homeBar": {
      "height": 0,
      "width": 0,
      "x": 0,
      "y": 0,
    },
    "leftSidePadding": {
      "height": 0,
      "width": 0,
      "x": 0,
      "y": 0,
    },
    "rightSidePadding": {
      "height": 0,
      "width": 0,
      "x": 0,
      "y": 0,
    },
    "screenSize": {
      "height": 1,
      "width": 1,
    },
    "statusBar": {
      "height": 0,
      "width": 0,
      "x": 0,
      "y": 0,
    },
    "statusBarAndAddressBar": {
      "height": 0,
      "width": 0,
      "x": 0,
      "y": 0,
    },
    "viewport": {
      "height": 0,
      "width": 0,
      "x": 0,
      "y": 0,
    },
  },
  "isAndroid": false,
  "isAndroidChromeDriverScreenshot": false,
  "isAndroidNativeWebScreenshot": false,
  "isIOS": false,
  "isMobile": false,
  "isTestInBrowser": true,
  "isTestInMobileBrowser": false,
  "logName": "logName",
  "name": "name",
  "nativeWebScreenshot": false,
  "platformName": "platformName",
  "platformVersion": "platformVersion",
  "toolBarShadowPadding": 0,
}
`;
