// Vitest Snapshot v1, https://vitest.dev/guide/snapshot.html

exports[`getElementPositionTopWindow > should the the element position to the top of the window 1`] = `
{
  "height": 120,
  "width": 120,
  "x": 100,
  "y": 10,
}
`;
