// Vitest Snapshot v1, https://vitest.dev/guide/snapshot.html

exports[`getIosStatusAddressToolBarOffsets > should get the correct status bar height for an iPhone 11 with iOS 13 to validate the iPhone 11 hack 1`] = `
{
  "leftSidePadding": {
    "height": 0,
    "width": 0,
    "x": 0,
    "y": 0,
  },
  "rightSidePadding": {
    "height": 0,
    "width": 0,
    "x": 0,
    "y": 0,
  },
  "safeArea": 48,
  "screenHeight": 896,
  "screenWidth": 375,
  "statusAddressBar": {
    "height": 94,
    "width": 375,
    "x": 0,
    "y": 0,
  },
  "toolBar": {
    "height": 167,
    "width": 375,
    "x": 0,
    "y": 729,
  },
}
`;

exports[`getIosStatusAddressToolBarOffsets > should get the correct status bar height for an iPhone 11 with iOS 13 to validate the iPhone 11 hack in landscape mode 1`] = `
{
  "leftSidePadding": {
    "height": 0,
    "width": 0,
    "x": 0,
    "y": 0,
  },
  "rightSidePadding": {
    "height": 0,
    "width": 0,
    "x": 0,
    "y": 0,
  },
  "safeArea": 44,
  "screenHeight": 375,
  "screenWidth": 896,
  "statusAddressBar": {
    "height": 50,
    "width": 896,
    "x": 0,
    "y": 0,
  },
  "toolBar": {
    "height": 9,
    "width": 234,
    "x": 331,
    "y": 399,
  },
}
`;

exports[`getIosStatusAddressToolBarOffsets > should get the correct status bar height for an iPhone 11 with iOS 15 1`] = `
{
  "leftSidePadding": {
    "height": 0,
    "width": 0,
    "x": 0,
    "y": 0,
  },
  "rightSidePadding": {
    "height": 0,
    "width": 0,
    "x": 0,
    "y": 0,
  },
  "safeArea": 48,
  "screenHeight": 896,
  "screenWidth": 375,
  "statusAddressBar": {
    "height": 48,
    "width": 375,
    "x": 0,
    "y": 0,
  },
  "toolBar": {
    "height": 213,
    "width": 375,
    "x": 0,
    "y": 683,
  },
}
`;

exports[`getIosStatusAddressToolBarOffsets > should get the correct status, address and toolbar height for a default iPhone with iOS 14 in Portrait mode 1`] = `
{
  "leftSidePadding": {
    "height": 0,
    "width": 0,
    "x": 0,
    "y": 0,
  },
  "rightSidePadding": {
    "height": 0,
    "width": 0,
    "x": 0,
    "y": 0,
  },
  "safeArea": 0,
  "screenHeight": 667,
  "screenWidth": 375,
  "statusAddressBar": {
    "height": 70,
    "width": 375,
    "x": 0,
    "y": 0,
  },
  "toolBar": {
    "height": 44,
    "width": 375,
    "x": 0,
    "y": 623,
  },
}
`;

exports[`getIosStatusAddressToolBarOffsets > should get the correct status, address and toolbar height for a default iPhone with iOS 14 in landscape mode 1`] = `
{
  "leftSidePadding": {
    "height": 0,
    "width": 0,
    "x": 0,
    "y": 0,
  },
  "rightSidePadding": {
    "height": 0,
    "width": 0,
    "x": 0,
    "y": 0,
  },
  "safeArea": 0,
  "screenHeight": 375,
  "screenWidth": 667,
  "statusAddressBar": {
    "height": 50,
    "width": 667,
    "x": 0,
    "y": 0,
  },
  "toolBar": {
    "height": 0,
    "width": 0,
    "x": 0,
    "y": 0,
  },
}
`;

exports[`getIosStatusAddressToolBarOffsets > should get the correct status, address and toolbar height for a default iPhone with iOS 15 in landscape mode 1`] = `
{
  "leftSidePadding": {
    "height": 0,
    "width": 0,
    "x": 0,
    "y": 0,
  },
  "rightSidePadding": {
    "height": 0,
    "width": 0,
    "x": 0,
    "y": 0,
  },
  "safeArea": 44,
  "screenHeight": 375,
  "screenWidth": 812,
  "statusAddressBar": {
    "height": 50,
    "width": 812,
    "x": 0,
    "y": 0,
  },
  "toolBar": {
    "height": 9,
    "width": 212,
    "x": 300,
    "y": 359,
  },
}
`;

exports[`getIosStatusAddressToolBarOffsets > should get the correct status, address and toolbar height for a default iPhone with iOS 15 in portrait mode 1`] = `
{
  "leftSidePadding": {
    "height": 0,
    "width": 0,
    "x": 0,
    "y": 0,
  },
  "rightSidePadding": {
    "height": 0,
    "width": 0,
    "x": 0,
    "y": 0,
  },
  "safeArea": 44,
  "screenHeight": 812,
  "screenWidth": 375,
  "statusAddressBar": {
    "height": 44,
    "width": 375,
    "x": 0,
    "y": 0,
  },
  "toolBar": {
    "height": 133,
    "width": 375,
    "x": 0,
    "y": 679,
  },
}
`;

exports[`getIosStatusAddressToolBarOffsets > should get the correct status, address and toolbar height for an iPad 1`] = `
{
  "leftSidePadding": {
    "height": 0,
    "width": 0,
    "x": 0,
    "y": 0,
  },
  "rightSidePadding": {
    "height": 0,
    "width": 0,
    "x": 0,
    "y": 0,
  },
  "safeArea": 0,
  "screenHeight": 1366,
  "screenWidth": 1024,
  "statusAddressBar": {
    "height": 74,
    "width": 1024,
    "x": 0,
    "y": 0,
  },
  "toolBar": {
    "height": 9,
    "width": 320,
    "x": 352,
    "y": 1351,
  },
}
`;

exports[`getIosStatusAddressToolBarOffsets > should get the correct status, address and toolbar height for an iPad in landscape mode 1`] = `
{
  "leftSidePadding": {
    "height": 0,
    "width": 0,
    "x": 0,
    "y": 0,
  },
  "rightSidePadding": {
    "height": 950,
    "width": 320,
    "x": 0,
    "y": 74,
  },
  "safeArea": 0,
  "screenHeight": 1024,
  "screenWidth": 1366,
  "statusAddressBar": {
    "height": 74,
    "width": 1366,
    "x": 0,
    "y": 0,
  },
  "toolBar": {
    "height": 9,
    "width": 350,
    "x": 508,
    "y": 1009,
  },
}
`;

exports[`getIosStatusAddressToolBarOffsets > should get the correct status, address and toolbar height for an iPad with big sizes 1`] = `
{
  "leftSidePadding": {
    "height": 0,
    "width": 0,
    "x": 0,
    "y": 0,
  },
  "rightSidePadding": {
    "height": 0,
    "width": 0,
    "x": 0,
    "y": 0,
  },
  "safeArea": 0,
  "screenHeight": 5432,
  "screenWidth": 9876,
  "statusAddressBar": {
    "height": 70,
    "width": 9876,
    "x": 0,
    "y": 0,
  },
  "toolBar": {
    "height": 38,
    "width": 9876,
    "x": 0,
    "y": 5394,
  },
}
`;

exports[`getIosStatusAddressToolBarOffsets > should get the correct status, address and toolbar height for an iPhone with extreme not known dimensions 1`] = `
{
  "leftSidePadding": {
    "height": 0,
    "width": 0,
    "x": 0,
    "y": 0,
  },
  "rightSidePadding": {
    "height": 0,
    "width": 0,
    "x": 0,
    "y": 0,
  },
  "safeArea": 0,
  "screenHeight": 896,
  "screenWidth": 1024,
  "statusAddressBar": {
    "height": 70,
    "width": 1024,
    "x": 0,
    "y": 0,
  },
  "toolBar": {
    "height": 107,
    "width": 1024,
    "x": 0,
    "y": 789,
  },
}
`;

exports[`getIosStatusAddressToolBarOffsets > should get the correct status, address and toolbar height for the iPad Pro 12.9 2017 hack in landscape mode 1`] = `
{
  "leftSidePadding": {
    "height": 0,
    "width": 0,
    "x": 0,
    "y": 0,
  },
  "rightSidePadding": {
    "height": 954,
    "width": 320,
    "x": 0,
    "y": 70,
  },
  "safeArea": 0,
  "screenHeight": 1024,
  "screenWidth": 1366,
  "statusAddressBar": {
    "height": 70,
    "width": 1366,
    "x": 0,
    "y": 0,
  },
  "toolBar": {
    "height": 0,
    "width": 0,
    "x": 0,
    "y": 0,
  },
}
`;
