// Vitest Snapshot v1, https://vitest.dev/guide/snapshot.html

exports[`BaseClass > initializes default options correctly 1`] = `
{
  "addIOSBezelCorners": false,
  "addressBarShadowPadding": 6,
  "autoElementScroll": true,
  "autoSaveBaseline": true,
  "clearFolder": false,
  "compareOptions": {
    "blockOutSideBar": true,
    "blockOutStatusBar": true,
    "blockOutToolBar": true,
    "createJsonReportFiles": false,
    "diffPixelBoundingBoxProximity": 5,
    "ignoreAlpha": false,
    "ignoreAntialiasing": false,
    "ignoreColors": false,
    "ignoreLess": false,
    "ignoreNothing": false,
    "rawMisMatchPercentage": false,
    "returnAllCompareData": false,
    "saveAboveTolerance": 0,
    "scaleImagesToSameSize": false,
  },
  "disableBlinkingCursor": false,
  "disableCSSAnimation": false,
  "enableLayoutTesting": false,
  "formatImageName": "{tag}-{browserName}-{width}x{height}-dpr-{dpr}",
  "fullPageScrollTimeout": 1500,
  "hideScrollBars": true,
  "isHybridApp": false,
  "savePerInstance": false,
  "tabbableOptions": {
    "circle": {
      "backgroundColor": "#ff0000",
      "borderColor": "#000",
      "borderWidth": 1,
      "fontColor": "#fff",
      "fontFamily": "Arial",
      "fontSize": 10,
      "showNumber": true,
      "size": 10,
    },
    "line": {
      "color": "#000",
      "width": 1,
    },
  },
  "toolBarShadowPadding": 6,
  "userBasedFullPageScreenshot": false,
  "waitForFontsLoaded": true,
}
`;

exports[`BaseClass > initializes folders with default values 1`] = `".tmp/actual"`;

exports[`BaseClass > initializes folders with default values 2`] = `"__snapshots__/"`;

exports[`BaseClass > initializes folders with default values 3`] = `".tmp/diff"`;
