// Vitest Snapshot v1, https://vitest.dev/guide/snapshot.html

exports[`checkAppScreen > should create screenCompareOptions with correct structure 1`] = `
[
  {
    "isAndroid": false,
  },
  [
    {
      "elementId": "ignore-element",
      "selector": "#ignore",
    },
    {
      "elementId": "hide-element",
      "selector": "#hide",
    },
    {
      "elementId": "remove-element",
      "selector": "#remove",
    },
  ],
]
`;

exports[`checkAppScreen > should create screenCompareOptions with correct structure 2`] = `
[
  {
    "instanceData": {
      "appName": "TestApp",
      "browserName": "Chrome",
      "browserVersion": "118.0.0.0",
      "deviceName": "iPhone 14",
      "devicePixelRatio": 2,
      "deviceRectangles": {
        "bottomBar": {
          "height": 0,
          "width": 390,
          "x": 0,
          "y": 800,
        },
        "homeBar": {
          "height": 34,
          "width": 390,
          "x": 0,
          "y": 780,
        },
        "leftSidePadding": {
          "height": 0,
          "width": 0,
          "x": 0,
          "y": 0,
        },
        "rightSidePadding": {
          "height": 0,
          "width": 0,
          "x": 0,
          "y": 0,
        },
        "screenSize": {
          "height": 844,
          "width": 390,
        },
        "statusBar": {
          "height": 47,
          "width": 390,
          "x": 0,
          "y": 0,
        },
        "statusBarAndAddressBar": {
          "height": 47,
          "width": 390,
          "x": 0,
          "y": 0,
        },
        "viewport": {
          "height": 733,
          "width": 390,
          "x": 0,
          "y": 47,
        },
      },
      "initialDevicePixelRatio": 2,
      "isAndroid": false,
      "isIOS": true,
      "isMobile": true,
      "logName": "test-log",
      "name": "test-device",
      "nativeWebScreenshot": false,
      "platformName": "iOS",
      "platformVersion": "17.0",
    },
    "isAndroid": false,
    "screenCompareOptions": {
      "blockOutSideBar": false,
      "blockOutStatusBar": false,
      "blockOutToolBar": false,
      "createJsonReportFiles": false,
      "diffPixelBoundingBoxProximity": 5,
      "hideElements": [
        {
          "elementId": "hide-element",
          "selector": "#hide",
        },
      ],
      "ignore": [
        {
          "elementId": "ignore-element",
          "selector": "#ignore",
        },
        {
          "elementId": "hide-element",
          "selector": "#hide",
        },
        {
          "elementId": "remove-element",
          "selector": "#remove",
        },
      ],
      "ignoreAlpha": false,
      "ignoreAntialiasing": false,
      "ignoreColors": false,
      "ignoreLess": false,
      "ignoreNothing": false,
      "rawMisMatchPercentage": false,
      "removeElements": [
        {
          "elementId": "remove-element",
          "selector": "#remove",
        },
      ],
      "returnAllCompareData": false,
      "saveAboveTolerance": 0,
      "scaleImagesToSameSize": false,
    },
  },
]
`;

exports[`checkAppScreen > should execute checkAppScreen with basic options 1`] = `
{
  "fileName": "test-result.png",
  "isAboveTolerance": false,
  "isExactSameImage": true,
  "isNewBaseline": false,
  "misMatchPercentage": 0,
}
`;

exports[`checkAppScreen > should execute checkAppScreen with basic options 2`] = `
[
  {
    "browserInstance": {
      "isAndroid": false,
    },
    "folders": {
      "actualFolder": "/test/actual",
      "baselineFolder": "/test/baseline",
      "diffFolder": "/test/diff",
    },
    "instanceData": {
      "appName": "TestApp",
      "browserName": "Chrome",
      "browserVersion": "118.0.0.0",
      "deviceName": "iPhone 14",
      "devicePixelRatio": 2,
      "deviceRectangles": {
        "bottomBar": {
          "height": 0,
          "width": 390,
          "x": 0,
          "y": 800,
        },
        "homeBar": {
          "height": 34,
          "width": 390,
          "x": 0,
          "y": 780,
        },
        "leftSidePadding": {
          "height": 0,
          "width": 0,
          "x": 0,
          "y": 0,
        },
        "rightSidePadding": {
          "height": 0,
          "width": 0,
          "x": 0,
          "y": 0,
        },
        "screenSize": {
          "height": 844,
          "width": 390,
        },
        "statusBar": {
          "height": 47,
          "width": 390,
          "x": 0,
          "y": 0,
        },
        "statusBarAndAddressBar": {
          "height": 47,
          "width": 390,
          "x": 0,
          "y": 0,
        },
        "viewport": {
          "height": 733,
          "width": 390,
          "x": 0,
          "y": 47,
        },
      },
      "initialDevicePixelRatio": 2,
      "isAndroid": false,
      "isIOS": true,
      "isMobile": true,
      "logName": "test-log",
      "name": "test-device",
      "nativeWebScreenshot": false,
      "platformName": "iOS",
      "platformVersion": "17.0",
    },
    "isNativeContext": true,
    "saveScreenOptions": {
      "method": {
        "hideElements": [],
        "removeElements": [],
      },
      "wic": {
        "addIOSBezelCorners": false,
        "addressBarShadowPadding": 6,
        "autoElementScroll": true,
        "autoSaveBaseline": false,
        "clearFolder": false,
        "compareOptions": {
          "blockOutSideBar": false,
          "blockOutStatusBar": false,
          "blockOutToolBar": false,
          "createJsonReportFiles": false,
          "diffPixelBoundingBoxProximity": 5,
          "ignoreAlpha": false,
          "ignoreAntialiasing": false,
          "ignoreColors": false,
          "ignoreLess": false,
          "ignoreNothing": false,
          "rawMisMatchPercentage": false,
          "returnAllCompareData": false,
          "saveAboveTolerance": 0,
          "scaleImagesToSameSize": false,
        },
        "disableBlinkingCursor": false,
        "disableCSSAnimation": false,
        "enableLayoutTesting": false,
        "enableLegacyScreenshotMethod": false,
        "formatImageName": "{tag}-{logName}-{width}x{height}-dpr-{dpr}",
        "fullPageScrollTimeout": 1500,
        "hideScrollBars": true,
        "isHybridApp": false,
        "savePerInstance": true,
        "tabbableOptions": {
          "circle": {
            "backgroundColor": "rgba(255, 0, 0, 0.4)",
            "borderColor": "rgba(255, 0, 0, 1)",
            "borderWidth": 1,
            "fontColor": "rgba(0, 0, 0, 1)",
            "fontFamily": "Arial",
            "fontSize": 10,
            "size": 10,
          },
          "line": {
            "color": "rgba(255, 0, 0, 1)",
            "width": 1,
          },
        },
        "toolBarShadowPadding": 6,
        "userBasedFullPageScreenshot": false,
        "waitForFontsLoaded": true,
      },
    },
    "tag": "test-screen",
  },
]
`;

exports[`checkAppScreen > should handle Android device correctly 1`] = `
[
  {
    "instanceData": {
      "appName": "TestApp",
      "browserName": "Chrome",
      "browserVersion": "118.0.0.0",
      "deviceName": "Pixel 4",
      "devicePixelRatio": 2,
      "deviceRectangles": {
        "bottomBar": {
          "height": 0,
          "width": 390,
          "x": 0,
          "y": 800,
        },
        "homeBar": {
          "height": 34,
          "width": 390,
          "x": 0,
          "y": 780,
        },
        "leftSidePadding": {
          "height": 0,
          "width": 0,
          "x": 0,
          "y": 0,
        },
        "rightSidePadding": {
          "height": 0,
          "width": 0,
          "x": 0,
          "y": 0,
        },
        "screenSize": {
          "height": 844,
          "width": 390,
        },
        "statusBar": {
          "height": 47,
          "width": 390,
          "x": 0,
          "y": 0,
        },
        "statusBarAndAddressBar": {
          "height": 47,
          "width": 390,
          "x": 0,
          "y": 0,
        },
        "viewport": {
          "height": 733,
          "width": 390,
          "x": 0,
          "y": 47,
        },
      },
      "initialDevicePixelRatio": 2,
      "isAndroid": true,
      "isIOS": false,
      "isMobile": true,
      "logName": "test-log",
      "name": "test-device",
      "nativeWebScreenshot": false,
      "platformName": "Android",
      "platformVersion": "11.0",
    },
    "isAndroid": true,
    "screenCompareOptions": {
      "blockOut": [],
      "blockOutSideBar": false,
      "blockOutStatusBar": false,
      "blockOutToolBar": false,
      "createJsonReportFiles": false,
      "diffPixelBoundingBoxProximity": 5,
      "hideElements": [],
      "ignore": [],
      "ignoreAlpha": false,
      "ignoreAntialiasing": false,
      "ignoreColors": false,
      "ignoreLess": false,
      "ignoreNothing": false,
      "rawMisMatchPercentage": false,
      "removeElements": [],
      "returnAllCompareData": false,
      "saveAboveTolerance": 0,
      "scaleImagesToSameSize": false,
    },
  },
]
`;

exports[`checkAppScreen > should handle Android device correctly 2`] = `
[
  {
    "isNativeContext": true,
    "isViewPortScreenshot": true,
    "options": {
      "compareOptions": {
        "method": {
          "ignoreAlpha": false,
          "ignoreAntialiasing": false,
          "ignoreColors": false,
          "ignoreLess": false,
          "ignoreNothing": false,
          "rawMisMatchPercentage": false,
          "returnAllCompareData": false,
          "saveAboveTolerance": 0,
          "scaleImagesToSameSize": false,
        },
        "wic": {
          "blockOutSideBar": false,
          "blockOutStatusBar": false,
          "blockOutToolBar": false,
          "createJsonReportFiles": false,
          "diffPixelBoundingBoxProximity": 5,
          "ignoreAlpha": false,
          "ignoreAntialiasing": false,
          "ignoreColors": false,
          "ignoreLess": false,
          "ignoreNothing": false,
          "rawMisMatchPercentage": false,
          "returnAllCompareData": false,
          "saveAboveTolerance": 0,
          "scaleImagesToSameSize": false,
        },
      },
      "devicePixelRatio": 2,
      "deviceRectangles": {
        "bottomBar": {
          "height": 0,
          "width": 390,
          "x": 0,
          "y": 800,
        },
        "homeBar": {
          "height": 34,
          "width": 390,
          "x": 0,
          "y": 780,
        },
        "leftSidePadding": {
          "height": 0,
          "width": 0,
          "x": 0,
          "y": 0,
        },
        "rightSidePadding": {
          "height": 0,
          "width": 0,
          "x": 0,
          "y": 0,
        },
        "screenSize": {
          "height": 844,
          "width": 390,
        },
        "statusBar": {
          "height": 47,
          "width": 390,
          "x": 0,
          "y": 0,
        },
        "statusBarAndAddressBar": {
          "height": 47,
          "width": 390,
          "x": 0,
          "y": 0,
        },
        "viewport": {
          "height": 733,
          "width": 390,
          "x": 0,
          "y": 47,
        },
      },
      "fileName": "test-screen.png",
      "folderOptions": {
        "actualFolder": "/test/actual",
        "autoSaveBaseline": false,
        "baselineFolder": "/test/baseline",
        "browserName": "Chrome",
        "deviceName": "Pixel 4",
        "diffFolder": "/test/diff",
        "isMobile": true,
        "savePerInstance": true,
      },
      "ignoreRegions": [
        {
          "height": 100,
          "width": 100,
          "x": 0,
          "y": 0,
        },
        {
          "height": 50,
          "width": 50,
          "x": 0,
          "y": 0,
        },
      ],
      "isAndroid": true,
      "isAndroidNativeWebScreenshot": false,
    },
    "testContext": {
      "commandName": "checkScreen",
      "framework": "vitest",
      "instanceData": {
        "app": "TestApp",
        "browser": {
          "name": "Chrome",
          "version": "118.0.0.0",
        },
        "deviceName": "Pixel 4",
        "isAndroid": true,
        "isIOS": false,
        "isMobile": true,
        "platform": {
          "name": "Android",
          "version": "11.0",
        },
      },
      "parent": "test suite",
      "tag": "test-tag",
      "title": "test title",
    },
  },
]
`;

exports[`checkAppScreen > should handle ignore regions and device blockouts 1`] = `
[
  {
    "isAndroid": false,
  },
  [
    {
      "elementId": "test-element",
      "selector": "#test",
    },
    {
      "elementId": "test-element",
      "selector": "#test",
    },
    {
      "elementId": "test-element",
      "selector": "#test",
    },
  ],
]
`;

exports[`checkAppScreen > should handle ignore regions and device blockouts 2`] = `
[
  {
    "instanceData": {
      "appName": "TestApp",
      "browserName": "Chrome",
      "browserVersion": "118.0.0.0",
      "deviceName": "iPhone 14",
      "devicePixelRatio": 2,
      "deviceRectangles": {
        "bottomBar": {
          "height": 0,
          "width": 390,
          "x": 0,
          "y": 800,
        },
        "homeBar": {
          "height": 34,
          "width": 390,
          "x": 0,
          "y": 780,
        },
        "leftSidePadding": {
          "height": 0,
          "width": 0,
          "x": 0,
          "y": 0,
        },
        "rightSidePadding": {
          "height": 0,
          "width": 0,
          "x": 0,
          "y": 0,
        },
        "screenSize": {
          "height": 844,
          "width": 390,
        },
        "statusBar": {
          "height": 47,
          "width": 390,
          "x": 0,
          "y": 0,
        },
        "statusBarAndAddressBar": {
          "height": 47,
          "width": 390,
          "x": 0,
          "y": 0,
        },
        "viewport": {
          "height": 733,
          "width": 390,
          "x": 0,
          "y": 47,
        },
      },
      "initialDevicePixelRatio": 2,
      "isAndroid": false,
      "isIOS": true,
      "isMobile": true,
      "logName": "test-log",
      "name": "test-device",
      "nativeWebScreenshot": false,
      "platformName": "iOS",
      "platformVersion": "17.0",
    },
    "isAndroid": false,
    "screenCompareOptions": {
      "blockOut": [],
      "blockOutSideBar": false,
      "blockOutStatusBar": false,
      "blockOutToolBar": false,
      "createJsonReportFiles": false,
      "diffPixelBoundingBoxProximity": 5,
      "hideElements": [
        {
          "elementId": "test-element",
          "selector": "#test",
        },
      ],
      "ignore": [
        {
          "elementId": "test-element",
          "selector": "#test",
        },
        {
          "elementId": "test-element",
          "selector": "#test",
        },
        {
          "elementId": "test-element",
          "selector": "#test",
        },
      ],
      "ignoreAlpha": false,
      "ignoreAntialiasing": false,
      "ignoreColors": false,
      "ignoreLess": false,
      "ignoreNothing": false,
      "rawMisMatchPercentage": false,
      "removeElements": [
        {
          "elementId": "test-element",
          "selector": "#test",
        },
      ],
      "returnAllCompareData": false,
      "saveAboveTolerance": 0,
      "scaleImagesToSameSize": false,
    },
  },
]
`;

exports[`checkAppScreen > should handle ignore regions and device blockouts 3`] = `
[
  {
    "isNativeContext": true,
    "isViewPortScreenshot": true,
    "options": {
      "compareOptions": {
        "method": {
          "ignoreAlpha": false,
          "ignoreAntialiasing": false,
          "ignoreColors": false,
          "ignoreLess": false,
          "ignoreNothing": false,
          "rawMisMatchPercentage": false,
          "returnAllCompareData": false,
          "saveAboveTolerance": 0,
          "scaleImagesToSameSize": false,
        },
        "wic": {
          "blockOutSideBar": false,
          "blockOutStatusBar": false,
          "blockOutToolBar": false,
          "createJsonReportFiles": false,
          "diffPixelBoundingBoxProximity": 5,
          "ignoreAlpha": false,
          "ignoreAntialiasing": false,
          "ignoreColors": false,
          "ignoreLess": false,
          "ignoreNothing": false,
          "rawMisMatchPercentage": false,
          "returnAllCompareData": false,
          "saveAboveTolerance": 0,
          "scaleImagesToSameSize": false,
        },
      },
      "devicePixelRatio": 2,
      "deviceRectangles": {
        "bottomBar": {
          "height": 0,
          "width": 390,
          "x": 0,
          "y": 800,
        },
        "homeBar": {
          "height": 34,
          "width": 390,
          "x": 0,
          "y": 780,
        },
        "leftSidePadding": {
          "height": 0,
          "width": 0,
          "x": 0,
          "y": 0,
        },
        "rightSidePadding": {
          "height": 0,
          "width": 0,
          "x": 0,
          "y": 0,
        },
        "screenSize": {
          "height": 844,
          "width": 390,
        },
        "statusBar": {
          "height": 47,
          "width": 390,
          "x": 0,
          "y": 0,
        },
        "statusBarAndAddressBar": {
          "height": 47,
          "width": 390,
          "x": 0,
          "y": 0,
        },
        "viewport": {
          "height": 733,
          "width": 390,
          "x": 0,
          "y": 47,
        },
      },
      "fileName": "test-screen.png",
      "folderOptions": {
        "actualFolder": "/test/actual",
        "autoSaveBaseline": false,
        "baselineFolder": "/test/baseline",
        "browserName": "Chrome",
        "deviceName": "iPhone 14",
        "diffFolder": "/test/diff",
        "isMobile": true,
        "savePerInstance": true,
      },
      "ignoreRegions": [
        {
          "height": 100,
          "width": 100,
          "x": 0,
          "y": 0,
        },
        {
          "height": 50,
          "width": 50,
          "x": 0,
          "y": 0,
        },
      ],
      "isAndroid": false,
      "isAndroidNativeWebScreenshot": false,
    },
    "testContext": {
      "commandName": "checkScreen",
      "framework": "vitest",
      "instanceData": {
        "app": "TestApp",
        "browser": {
          "name": "Chrome",
          "version": "118.0.0.0",
        },
        "deviceName": "iPhone 14",
        "isAndroid": false,
        "isIOS": true,
        "isMobile": true,
        "platform": {
          "name": "iOS",
          "version": "17.0",
        },
      },
      "parent": "test suite",
      "tag": "test-tag",
      "title": "test title",
    },
  },
]
`;

exports[`checkAppScreen > should merge compare options correctly 1`] = `
[
  {
    "isNativeContext": true,
    "isViewPortScreenshot": true,
    "options": {
      "compareOptions": {
        "method": {
          "ignoreAlpha": false,
          "ignoreAntialiasing": false,
          "ignoreColors": false,
          "ignoreLess": false,
          "ignoreNothing": false,
          "rawMisMatchPercentage": false,
          "returnAllCompareData": false,
          "saveAboveTolerance": 0,
          "scaleImagesToSameSize": false,
        },
        "wic": {
          "blockOutSideBar": false,
          "blockOutStatusBar": false,
          "blockOutToolBar": false,
          "createJsonReportFiles": false,
          "diffPixelBoundingBoxProximity": 5,
          "ignoreAlpha": true,
          "ignoreAntialiasing": true,
          "ignoreColors": true,
          "ignoreLess": false,
          "ignoreNothing": false,
          "rawMisMatchPercentage": false,
          "returnAllCompareData": false,
          "saveAboveTolerance": 0,
          "scaleImagesToSameSize": false,
        },
      },
      "devicePixelRatio": 2,
      "deviceRectangles": {
        "bottomBar": {
          "height": 0,
          "width": 390,
          "x": 0,
          "y": 800,
        },
        "homeBar": {
          "height": 34,
          "width": 390,
          "x": 0,
          "y": 780,
        },
        "leftSidePadding": {
          "height": 0,
          "width": 0,
          "x": 0,
          "y": 0,
        },
        "rightSidePadding": {
          "height": 0,
          "width": 0,
          "x": 0,
          "y": 0,
        },
        "screenSize": {
          "height": 844,
          "width": 390,
        },
        "statusBar": {
          "height": 47,
          "width": 390,
          "x": 0,
          "y": 0,
        },
        "statusBarAndAddressBar": {
          "height": 47,
          "width": 390,
          "x": 0,
          "y": 0,
        },
        "viewport": {
          "height": 733,
          "width": 390,
          "x": 0,
          "y": 47,
        },
      },
      "fileName": "test-screen.png",
      "folderOptions": {
        "actualFolder": "/test/actual",
        "autoSaveBaseline": false,
        "baselineFolder": "/test/baseline",
        "browserName": "Chrome",
        "deviceName": "iPhone 14",
        "diffFolder": "/test/diff",
        "isMobile": true,
        "savePerInstance": true,
      },
      "ignoreRegions": [
        {
          "height": 100,
          "width": 100,
          "x": 0,
          "y": 0,
        },
        {
          "height": 50,
          "width": 50,
          "x": 0,
          "y": 0,
        },
      ],
      "isAndroid": false,
      "isAndroidNativeWebScreenshot": false,
    },
    "testContext": {
      "commandName": "checkScreen",
      "framework": "vitest",
      "instanceData": {
        "app": "TestApp",
        "browser": {
          "name": "Chrome",
          "version": "118.0.0.0",
        },
        "deviceName": "iPhone 14",
        "isAndroid": false,
        "isIOS": true,
        "isMobile": true,
        "platform": {
          "name": "iOS",
          "version": "17.0",
        },
      },
      "parent": "test suite",
      "tag": "test-tag",
      "title": "test title",
    },
  },
]
`;

exports[`checkAppScreen > should spread hideElements and removeElements into ignore array 1`] = `
[
  {
    "isAndroid": false,
  },
  [
    {
      "elementId": "ignore-element",
      "selector": "#ignore",
    },
    {
      "elementId": "hide-element",
      "selector": "#hide",
    },
    {
      "elementId": "remove-element",
      "selector": "#remove",
    },
  ],
]
`;

exports[`checkAppScreen > should spread hideElements and removeElements into ignore array 2`] = `
[
  {
    "isNativeContext": true,
    "isViewPortScreenshot": true,
    "options": {
      "compareOptions": {
        "method": {
          "ignoreAlpha": false,
          "ignoreAntialiasing": false,
          "ignoreColors": false,
          "ignoreLess": false,
          "ignoreNothing": false,
          "rawMisMatchPercentage": false,
          "returnAllCompareData": false,
          "saveAboveTolerance": 0,
          "scaleImagesToSameSize": false,
        },
        "wic": {
          "blockOutSideBar": false,
          "blockOutStatusBar": false,
          "blockOutToolBar": false,
          "createJsonReportFiles": false,
          "diffPixelBoundingBoxProximity": 5,
          "ignoreAlpha": false,
          "ignoreAntialiasing": false,
          "ignoreColors": false,
          "ignoreLess": false,
          "ignoreNothing": false,
          "rawMisMatchPercentage": false,
          "returnAllCompareData": false,
          "saveAboveTolerance": 0,
          "scaleImagesToSameSize": false,
        },
      },
      "devicePixelRatio": 2,
      "deviceRectangles": {
        "bottomBar": {
          "height": 0,
          "width": 390,
          "x": 0,
          "y": 800,
        },
        "homeBar": {
          "height": 34,
          "width": 390,
          "x": 0,
          "y": 780,
        },
        "leftSidePadding": {
          "height": 0,
          "width": 0,
          "x": 0,
          "y": 0,
        },
        "rightSidePadding": {
          "height": 0,
          "width": 0,
          "x": 0,
          "y": 0,
        },
        "screenSize": {
          "height": 844,
          "width": 390,
        },
        "statusBar": {
          "height": 47,
          "width": 390,
          "x": 0,
          "y": 0,
        },
        "statusBarAndAddressBar": {
          "height": 47,
          "width": 390,
          "x": 0,
          "y": 0,
        },
        "viewport": {
          "height": 733,
          "width": 390,
          "x": 0,
          "y": 47,
        },
      },
      "fileName": "test-screen.png",
      "folderOptions": {
        "actualFolder": "/test/actual",
        "autoSaveBaseline": false,
        "baselineFolder": "/test/baseline",
        "browserName": "Chrome",
        "deviceName": "iPhone 14",
        "diffFolder": "/test/diff",
        "isMobile": true,
        "savePerInstance": true,
      },
      "ignoreRegions": [
        {
          "height": 100,
          "width": 100,
          "x": 0,
          "y": 0,
        },
        {
          "height": 50,
          "width": 50,
          "x": 0,
          "y": 0,
        },
      ],
      "isAndroid": false,
      "isAndroidNativeWebScreenshot": false,
    },
    "testContext": {
      "commandName": "checkScreen",
      "framework": "vitest",
      "instanceData": {
        "app": "TestApp",
        "browser": {
          "name": "Chrome",
          "version": "118.0.0.0",
        },
        "deviceName": "iPhone 14",
        "isAndroid": false,
        "isIOS": true,
        "isMobile": true,
        "platform": {
          "name": "iOS",
          "version": "17.0",
        },
      },
      "parent": "test suite",
      "tag": "test-tag",
      "title": "test title",
    },
  },
]
`;

exports[`checkAppScreen > should spread wic.compareOptions and method options into screenCompareOptions 1`] = `
[
  {
    "instanceData": {
      "appName": "TestApp",
      "browserName": "Chrome",
      "browserVersion": "118.0.0.0",
      "deviceName": "iPhone 14",
      "devicePixelRatio": 2,
      "deviceRectangles": {
        "bottomBar": {
          "height": 0,
          "width": 390,
          "x": 0,
          "y": 800,
        },
        "homeBar": {
          "height": 34,
          "width": 390,
          "x": 0,
          "y": 780,
        },
        "leftSidePadding": {
          "height": 0,
          "width": 0,
          "x": 0,
          "y": 0,
        },
        "rightSidePadding": {
          "height": 0,
          "width": 0,
          "x": 0,
          "y": 0,
        },
        "screenSize": {
          "height": 844,
          "width": 390,
        },
        "statusBar": {
          "height": 47,
          "width": 390,
          "x": 0,
          "y": 0,
        },
        "statusBarAndAddressBar": {
          "height": 47,
          "width": 390,
          "x": 0,
          "y": 0,
        },
        "viewport": {
          "height": 733,
          "width": 390,
          "x": 0,
          "y": 47,
        },
      },
      "initialDevicePixelRatio": 2,
      "isAndroid": false,
      "isIOS": true,
      "isMobile": true,
      "logName": "test-log",
      "name": "test-device",
      "nativeWebScreenshot": false,
      "platformName": "iOS",
      "platformVersion": "17.0",
    },
    "isAndroid": false,
    "screenCompareOptions": {
      "blockOutSideBar": false,
      "blockOutStatusBar": false,
      "blockOutToolBar": false,
      "createJsonReportFiles": false,
      "diffPixelBoundingBoxProximity": 5,
      "ignore": [],
      "ignoreAlpha": false,
      "ignoreAntialiasing": false,
      "ignoreColors": false,
      "ignoreLess": false,
      "ignoreNothing": false,
      "rawMisMatchPercentage": false,
      "returnAllCompareData": false,
      "saveAboveTolerance": 0,
      "scaleImagesToSameSize": false,
    },
  },
]
`;
