// Vitest Snapshot v1, https://vitest.dev/guide/snapshot.html

exports[`checkWebScreen > should execute checkWebScreen with basic options 1`] = `
{
  "fileName": "test-result.png",
  "isAboveTolerance": false,
  "isExactSameImage": true,
  "isNewBaseline": false,
  "misMatchPercentage": 0,
}
`;

exports[`checkWebScreen > should execute checkWebScreen with basic options 2`] = `
[
  {
    "browserInstance": {
      "isAndroid": false,
      "isMobile": false,
    },
    "folders": {
      "actualFolder": "/test/actual",
      "baselineFolder": "/test/baseline",
      "diffFolder": "/test/diff",
    },
    "instanceData": {
      "appName": "TestApp",
      "browserName": "Chrome",
      "browserVersion": "118.0.0.0",
      "deviceName": "iPhone 14",
      "devicePixelRatio": 2,
      "deviceRectangles": {
        "bottomBar": {
          "height": 0,
          "width": 390,
          "x": 0,
          "y": 800,
        },
        "homeBar": {
          "height": 34,
          "width": 390,
          "x": 0,
          "y": 780,
        },
        "leftSidePadding": {
          "height": 0,
          "width": 0,
          "x": 0,
          "y": 0,
        },
        "rightSidePadding": {
          "height": 0,
          "width": 0,
          "x": 0,
          "y": 0,
        },
        "screenSize": {
          "height": 844,
          "width": 390,
        },
        "statusBar": {
          "height": 47,
          "width": 390,
          "x": 0,
          "y": 0,
        },
        "statusBarAndAddressBar": {
          "height": 47,
          "width": 390,
          "x": 0,
          "y": 0,
        },
        "viewport": {
          "height": 733,
          "width": 390,
          "x": 0,
          "y": 47,
        },
      },
      "initialDevicePixelRatio": 2,
      "isAndroid": false,
      "isIOS": true,
      "isMobile": true,
      "logName": "test-log",
      "name": "test-device",
      "nativeWebScreenshot": false,
      "platformName": "iOS",
      "platformVersion": "17.0",
    },
    "isNativeContext": false,
    "saveScreenOptions": {
      "method": {
        "disableBlinkingCursor": false,
        "disableCSSAnimation": false,
        "enableLayoutTesting": false,
        "enableLegacyScreenshotMethod": false,
        "hideElements": [],
        "hideScrollBars": true,
        "removeElements": [],
        "waitForFontsLoaded": true,
      },
      "wic": {
        "addIOSBezelCorners": false,
        "addressBarShadowPadding": 6,
        "autoElementScroll": true,
        "autoSaveBaseline": false,
        "clearFolder": false,
        "compareOptions": {
          "blockOutSideBar": false,
          "blockOutStatusBar": false,
          "blockOutToolBar": false,
          "createJsonReportFiles": false,
          "diffPixelBoundingBoxProximity": 5,
          "ignoreAlpha": false,
          "ignoreAntialiasing": false,
          "ignoreColors": false,
          "ignoreLess": false,
          "ignoreNothing": false,
          "rawMisMatchPercentage": false,
          "returnAllCompareData": false,
          "saveAboveTolerance": 0,
          "scaleImagesToSameSize": false,
        },
        "disableBlinkingCursor": false,
        "disableCSSAnimation": false,
        "enableLayoutTesting": false,
        "enableLegacyScreenshotMethod": false,
        "formatImageName": "{tag}-{logName}-{width}x{height}-dpr-{dpr}",
        "fullPageScrollTimeout": 1500,
        "hideScrollBars": true,
        "isHybridApp": false,
        "savePerInstance": true,
        "tabbableOptions": {
          "circle": {
            "backgroundColor": "rgba(255, 0, 0, 0.4)",
            "borderColor": "rgba(255, 0, 0, 1)",
            "borderWidth": 1,
            "fontColor": "rgba(0, 0, 0, 1)",
            "fontFamily": "Arial",
            "fontSize": 10,
            "size": 10,
          },
          "line": {
            "color": "rgba(255, 0, 0, 1)",
            "width": 1,
          },
        },
        "toolBarShadowPadding": 6,
        "userBasedFullPageScreenshot": false,
        "waitForFontsLoaded": true,
      },
    },
    "tag": "test-screen",
  },
]
`;

exports[`checkWebScreen > should execute checkWebScreen with basic options 3`] = `
[
  {
    "isNativeContext": false,
    "isViewPortScreenshot": true,
    "options": {
      "compareOptions": {
        "method": {
          "ignoreAlpha": false,
          "ignoreAntialiasing": false,
          "ignoreColors": false,
          "ignoreLess": false,
          "ignoreNothing": false,
          "rawMisMatchPercentage": false,
          "returnAllCompareData": false,
          "saveAboveTolerance": 0,
          "scaleImagesToSameSize": false,
        },
        "wic": {
          "blockOutSideBar": false,
          "blockOutStatusBar": false,
          "blockOutToolBar": false,
          "createJsonReportFiles": false,
          "diffPixelBoundingBoxProximity": 5,
          "ignoreAlpha": false,
          "ignoreAntialiasing": false,
          "ignoreColors": false,
          "ignoreLess": false,
          "ignoreNothing": false,
          "rawMisMatchPercentage": false,
          "returnAllCompareData": false,
          "saveAboveTolerance": 0,
          "scaleImagesToSameSize": false,
        },
      },
      "devicePixelRatio": 2,
      "deviceRectangles": {
        "screenSize": {
          "height": 720,
          "width": 1280,
        },
      },
      "fileName": "test-screen.png",
      "folderOptions": {
        "actualFolder": "/mock/actual",
        "autoSaveBaseline": false,
        "baselineFolder": "/mock/baseline",
        "browserName": "chrome",
        "deviceName": "Desktop",
        "diffFolder": "/mock/diff",
        "isMobile": false,
        "savePerInstance": false,
      },
      "isAndroid": false,
      "isAndroidNativeWebScreenshot": false,
    },
    "testContext": {
      "commandName": "checkScreen",
      "framework": "vitest",
      "instanceData": {
        "app": "TestApp",
        "browser": {
          "name": "Chrome",
          "version": "118.0.0.0",
        },
        "deviceName": "iPhone 14",
        "isAndroid": false,
        "isIOS": true,
        "isMobile": true,
        "platform": {
          "name": "iOS",
          "version": "17.0",
        },
      },
      "parent": "test suite",
      "tag": "test-tag",
      "title": "test title",
    },
  },
]
`;

exports[`checkWebScreen > should handle Android device correctly 1`] = `
[
  {
    "isNativeContext": false,
    "isViewPortScreenshot": true,
    "options": {
      "compareOptions": {
        "method": {
          "ignoreAlpha": false,
          "ignoreAntialiasing": false,
          "ignoreColors": false,
          "ignoreLess": false,
          "ignoreNothing": false,
          "rawMisMatchPercentage": false,
          "returnAllCompareData": false,
          "saveAboveTolerance": 0,
          "scaleImagesToSameSize": false,
        },
        "wic": {
          "blockOutSideBar": false,
          "blockOutStatusBar": false,
          "blockOutToolBar": false,
          "createJsonReportFiles": false,
          "diffPixelBoundingBoxProximity": 5,
          "ignoreAlpha": false,
          "ignoreAntialiasing": false,
          "ignoreColors": false,
          "ignoreLess": false,
          "ignoreNothing": false,
          "rawMisMatchPercentage": false,
          "returnAllCompareData": false,
          "saveAboveTolerance": 0,
          "scaleImagesToSameSize": false,
        },
      },
      "devicePixelRatio": 2,
      "deviceRectangles": {
        "screenSize": {
          "height": 720,
          "width": 1280,
        },
      },
      "fileName": "test-screen.png",
      "folderOptions": {
        "actualFolder": "/mock/actual",
        "autoSaveBaseline": false,
        "baselineFolder": "/mock/baseline",
        "browserName": "chrome",
        "deviceName": "Desktop",
        "diffFolder": "/mock/diff",
        "isMobile": false,
        "savePerInstance": false,
      },
      "isAndroid": false,
      "isAndroidNativeWebScreenshot": false,
    },
    "testContext": {
      "commandName": "checkScreen",
      "framework": "vitest",
      "instanceData": {
        "app": "TestApp",
        "browser": {
          "name": "Chrome",
          "version": "118.0.0.0",
        },
        "deviceName": "Pixel 4",
        "isAndroid": true,
        "isIOS": false,
        "isMobile": true,
        "platform": {
          "name": "Android",
          "version": "11.0",
        },
      },
      "parent": "test suite",
      "tag": "test-tag",
      "title": "test title",
    },
  },
]
`;

exports[`checkWebScreen > should handle all method options correctly 1`] = `
[
  {
    "browserInstance": {
      "isAndroid": false,
      "isMobile": false,
    },
    "folders": {
      "actualFolder": "/test/actual",
      "baselineFolder": "/test/baseline",
      "diffFolder": "/test/diff",
    },
    "instanceData": {
      "appName": "TestApp",
      "browserName": "Chrome",
      "browserVersion": "118.0.0.0",
      "deviceName": "iPhone 14",
      "devicePixelRatio": 2,
      "deviceRectangles": {
        "bottomBar": {
          "height": 0,
          "width": 390,
          "x": 0,
          "y": 800,
        },
        "homeBar": {
          "height": 34,
          "width": 390,
          "x": 0,
          "y": 780,
        },
        "leftSidePadding": {
          "height": 0,
          "width": 0,
          "x": 0,
          "y": 0,
        },
        "rightSidePadding": {
          "height": 0,
          "width": 0,
          "x": 0,
          "y": 0,
        },
        "screenSize": {
          "height": 844,
          "width": 390,
        },
        "statusBar": {
          "height": 47,
          "width": 390,
          "x": 0,
          "y": 0,
        },
        "statusBarAndAddressBar": {
          "height": 47,
          "width": 390,
          "x": 0,
          "y": 0,
        },
        "viewport": {
          "height": 733,
          "width": 390,
          "x": 0,
          "y": 47,
        },
      },
      "initialDevicePixelRatio": 2,
      "isAndroid": false,
      "isIOS": true,
      "isMobile": true,
      "logName": "test-log",
      "name": "test-device",
      "nativeWebScreenshot": false,
      "platformName": "iOS",
      "platformVersion": "17.0",
    },
    "isNativeContext": false,
    "saveScreenOptions": {
      "method": {
        "disableBlinkingCursor": true,
        "disableCSSAnimation": true,
        "enableLayoutTesting": true,
        "enableLegacyScreenshotMethod": true,
        "hideElements": [
          {
            "elementId": "hide-element",
            "getLocation": [MockFunction spy],
            "getSize": [MockFunction spy],
            "isDisplayed": [MockFunction spy],
            "selector": "#hide-element",
          },
        ],
        "hideScrollBars": false,
        "removeElements": [
          {
            "elementId": "remove-element",
            "getLocation": [MockFunction spy],
            "getSize": [MockFunction spy],
            "isDisplayed": [MockFunction spy],
            "selector": "#remove-element",
          },
        ],
        "waitForFontsLoaded": false,
      },
      "wic": {
        "addIOSBezelCorners": false,
        "addressBarShadowPadding": 6,
        "autoElementScroll": true,
        "autoSaveBaseline": false,
        "clearFolder": false,
        "compareOptions": {
          "blockOutSideBar": false,
          "blockOutStatusBar": false,
          "blockOutToolBar": false,
          "createJsonReportFiles": false,
          "diffPixelBoundingBoxProximity": 5,
          "ignoreAlpha": false,
          "ignoreAntialiasing": false,
          "ignoreColors": false,
          "ignoreLess": false,
          "ignoreNothing": false,
          "rawMisMatchPercentage": false,
          "returnAllCompareData": false,
          "saveAboveTolerance": 0,
          "scaleImagesToSameSize": false,
        },
        "disableBlinkingCursor": false,
        "disableCSSAnimation": false,
        "enableLayoutTesting": false,
        "enableLegacyScreenshotMethod": false,
        "formatImageName": "{tag}-{logName}-{width}x{height}-dpr-{dpr}",
        "fullPageScrollTimeout": 1500,
        "hideScrollBars": true,
        "isHybridApp": false,
        "savePerInstance": true,
        "tabbableOptions": {
          "circle": {
            "backgroundColor": "rgba(255, 0, 0, 0.4)",
            "borderColor": "rgba(255, 0, 0, 1)",
            "borderWidth": 1,
            "fontColor": "rgba(0, 0, 0, 1)",
            "fontFamily": "Arial",
            "fontSize": 10,
            "size": 10,
          },
          "line": {
            "color": "rgba(255, 0, 0, 1)",
            "width": 1,
          },
        },
        "toolBarShadowPadding": 6,
        "userBasedFullPageScreenshot": false,
        "waitForFontsLoaded": true,
      },
    },
    "tag": "test-screen",
  },
]
`;

exports[`checkWebScreen > should handle all method options correctly 2`] = `
[
  {
    "isNativeContext": false,
    "isViewPortScreenshot": true,
    "options": {
      "compareOptions": {
        "method": {
          "ignoreAlpha": false,
          "ignoreAntialiasing": false,
          "ignoreColors": false,
          "ignoreLess": false,
          "ignoreNothing": false,
          "rawMisMatchPercentage": false,
          "returnAllCompareData": false,
          "saveAboveTolerance": 0,
          "scaleImagesToSameSize": false,
        },
        "wic": {
          "blockOutSideBar": false,
          "blockOutStatusBar": false,
          "blockOutToolBar": false,
          "createJsonReportFiles": false,
          "diffPixelBoundingBoxProximity": 5,
          "ignoreAlpha": false,
          "ignoreAntialiasing": false,
          "ignoreColors": false,
          "ignoreLess": false,
          "ignoreNothing": false,
          "rawMisMatchPercentage": false,
          "returnAllCompareData": false,
          "saveAboveTolerance": 0,
          "scaleImagesToSameSize": false,
        },
      },
      "devicePixelRatio": 2,
      "deviceRectangles": {
        "screenSize": {
          "height": 720,
          "width": 1280,
        },
      },
      "fileName": "test-screen.png",
      "folderOptions": {
        "actualFolder": "/mock/actual",
        "autoSaveBaseline": false,
        "baselineFolder": "/mock/baseline",
        "browserName": "chrome",
        "deviceName": "Desktop",
        "diffFolder": "/mock/diff",
        "isMobile": false,
        "savePerInstance": false,
      },
      "isAndroid": false,
      "isAndroidNativeWebScreenshot": false,
    },
    "testContext": {
      "commandName": "checkScreen",
      "framework": "vitest",
      "instanceData": {
        "app": "TestApp",
        "browser": {
          "name": "Chrome",
          "version": "118.0.0.0",
        },
        "deviceName": "iPhone 14",
        "isAndroid": false,
        "isIOS": true,
        "isMobile": true,
        "platform": {
          "name": "iOS",
          "version": "17.0",
        },
      },
      "parent": "test suite",
      "tag": "test-tag",
      "title": "test title",
    },
  },
]
`;

exports[`checkWebScreen > should handle hideElements and removeElements correctly 1`] = `
[
  {
    "browserInstance": {
      "isAndroid": false,
      "isMobile": false,
    },
    "folders": {
      "actualFolder": "/test/actual",
      "baselineFolder": "/test/baseline",
      "diffFolder": "/test/diff",
    },
    "instanceData": {
      "appName": "TestApp",
      "browserName": "Chrome",
      "browserVersion": "118.0.0.0",
      "deviceName": "iPhone 14",
      "devicePixelRatio": 2,
      "deviceRectangles": {
        "bottomBar": {
          "height": 0,
          "width": 390,
          "x": 0,
          "y": 800,
        },
        "homeBar": {
          "height": 34,
          "width": 390,
          "x": 0,
          "y": 780,
        },
        "leftSidePadding": {
          "height": 0,
          "width": 0,
          "x": 0,
          "y": 0,
        },
        "rightSidePadding": {
          "height": 0,
          "width": 0,
          "x": 0,
          "y": 0,
        },
        "screenSize": {
          "height": 844,
          "width": 390,
        },
        "statusBar": {
          "height": 47,
          "width": 390,
          "x": 0,
          "y": 0,
        },
        "statusBarAndAddressBar": {
          "height": 47,
          "width": 390,
          "x": 0,
          "y": 0,
        },
        "viewport": {
          "height": 733,
          "width": 390,
          "x": 0,
          "y": 47,
        },
      },
      "initialDevicePixelRatio": 2,
      "isAndroid": false,
      "isIOS": true,
      "isMobile": true,
      "logName": "test-log",
      "name": "test-device",
      "nativeWebScreenshot": false,
      "platformName": "iOS",
      "platformVersion": "17.0",
    },
    "isNativeContext": false,
    "saveScreenOptions": {
      "method": {
        "disableBlinkingCursor": false,
        "disableCSSAnimation": false,
        "enableLayoutTesting": false,
        "enableLegacyScreenshotMethod": false,
        "hideElements": [
          {
            "elementId": "test-element",
            "getLocation": [MockFunction spy],
            "getSize": [MockFunction spy],
            "isDisplayed": [MockFunction spy],
            "selector": "#test-element",
          },
        ],
        "hideScrollBars": true,
        "removeElements": [
          {
            "elementId": "test-element",
            "getLocation": [MockFunction spy],
            "getSize": [MockFunction spy],
            "isDisplayed": [MockFunction spy],
            "selector": "#test-element",
          },
        ],
        "waitForFontsLoaded": true,
      },
      "wic": {
        "addIOSBezelCorners": false,
        "addressBarShadowPadding": 6,
        "autoElementScroll": true,
        "autoSaveBaseline": false,
        "clearFolder": false,
        "compareOptions": {
          "blockOutSideBar": false,
          "blockOutStatusBar": false,
          "blockOutToolBar": false,
          "createJsonReportFiles": false,
          "diffPixelBoundingBoxProximity": 5,
          "ignoreAlpha": false,
          "ignoreAntialiasing": false,
          "ignoreColors": false,
          "ignoreLess": false,
          "ignoreNothing": false,
          "rawMisMatchPercentage": false,
          "returnAllCompareData": false,
          "saveAboveTolerance": 0,
          "scaleImagesToSameSize": false,
        },
        "disableBlinkingCursor": false,
        "disableCSSAnimation": false,
        "enableLayoutTesting": false,
        "enableLegacyScreenshotMethod": false,
        "formatImageName": "{tag}-{logName}-{width}x{height}-dpr-{dpr}",
        "fullPageScrollTimeout": 1500,
        "hideScrollBars": true,
        "isHybridApp": false,
        "savePerInstance": true,
        "tabbableOptions": {
          "circle": {
            "backgroundColor": "rgba(255, 0, 0, 0.4)",
            "borderColor": "rgba(255, 0, 0, 1)",
            "borderWidth": 1,
            "fontColor": "rgba(0, 0, 0, 1)",
            "fontFamily": "Arial",
            "fontSize": 10,
            "size": 10,
          },
          "line": {
            "color": "rgba(255, 0, 0, 1)",
            "width": 1,
          },
        },
        "toolBarShadowPadding": 6,
        "userBasedFullPageScreenshot": false,
        "waitForFontsLoaded": true,
      },
    },
    "tag": "test-screen",
  },
]
`;

exports[`checkWebScreen > should handle hideElements and removeElements correctly 2`] = `
[
  {
    "isNativeContext": false,
    "isViewPortScreenshot": true,
    "options": {
      "compareOptions": {
        "method": {
          "ignoreAlpha": false,
          "ignoreAntialiasing": false,
          "ignoreColors": false,
          "ignoreLess": false,
          "ignoreNothing": false,
          "rawMisMatchPercentage": false,
          "returnAllCompareData": false,
          "saveAboveTolerance": 0,
          "scaleImagesToSameSize": false,
        },
        "wic": {
          "blockOutSideBar": false,
          "blockOutStatusBar": false,
          "blockOutToolBar": false,
          "createJsonReportFiles": false,
          "diffPixelBoundingBoxProximity": 5,
          "ignoreAlpha": false,
          "ignoreAntialiasing": false,
          "ignoreColors": false,
          "ignoreLess": false,
          "ignoreNothing": false,
          "rawMisMatchPercentage": false,
          "returnAllCompareData": false,
          "saveAboveTolerance": 0,
          "scaleImagesToSameSize": false,
        },
      },
      "devicePixelRatio": 2,
      "deviceRectangles": {
        "screenSize": {
          "height": 720,
          "width": 1280,
        },
      },
      "fileName": "test-screen.png",
      "folderOptions": {
        "actualFolder": "/mock/actual",
        "autoSaveBaseline": false,
        "baselineFolder": "/mock/baseline",
        "browserName": "chrome",
        "deviceName": "Desktop",
        "diffFolder": "/mock/diff",
        "isMobile": false,
        "savePerInstance": false,
      },
      "isAndroid": false,
      "isAndroidNativeWebScreenshot": false,
    },
    "testContext": {
      "commandName": "checkScreen",
      "framework": "vitest",
      "instanceData": {
        "app": "TestApp",
        "browser": {
          "name": "Chrome",
          "version": "118.0.0.0",
        },
        "deviceName": "iPhone 14",
        "isAndroid": false,
        "isIOS": true,
        "isMobile": true,
        "platform": {
          "name": "iOS",
          "version": "17.0",
        },
      },
      "parent": "test suite",
      "tag": "test-tag",
      "title": "test title",
    },
  },
]
`;

exports[`checkWebScreen > should handle native context correctly 1`] = `
[
  {
    "browserInstance": {
      "isAndroid": false,
      "isMobile": false,
    },
    "folders": {
      "actualFolder": "/test/actual",
      "baselineFolder": "/test/baseline",
      "diffFolder": "/test/diff",
    },
    "instanceData": {
      "appName": "TestApp",
      "browserName": "Chrome",
      "browserVersion": "118.0.0.0",
      "deviceName": "iPhone 14",
      "devicePixelRatio": 2,
      "deviceRectangles": {
        "bottomBar": {
          "height": 0,
          "width": 390,
          "x": 0,
          "y": 800,
        },
        "homeBar": {
          "height": 34,
          "width": 390,
          "x": 0,
          "y": 780,
        },
        "leftSidePadding": {
          "height": 0,
          "width": 0,
          "x": 0,
          "y": 0,
        },
        "rightSidePadding": {
          "height": 0,
          "width": 0,
          "x": 0,
          "y": 0,
        },
        "screenSize": {
          "height": 844,
          "width": 390,
        },
        "statusBar": {
          "height": 47,
          "width": 390,
          "x": 0,
          "y": 0,
        },
        "statusBarAndAddressBar": {
          "height": 47,
          "width": 390,
          "x": 0,
          "y": 0,
        },
        "viewport": {
          "height": 733,
          "width": 390,
          "x": 0,
          "y": 47,
        },
      },
      "initialDevicePixelRatio": 2,
      "isAndroid": false,
      "isIOS": true,
      "isMobile": true,
      "logName": "test-log",
      "name": "test-device",
      "nativeWebScreenshot": false,
      "platformName": "iOS",
      "platformVersion": "17.0",
    },
    "isNativeContext": true,
    "saveScreenOptions": {
      "method": {
        "disableBlinkingCursor": false,
        "disableCSSAnimation": false,
        "enableLayoutTesting": false,
        "enableLegacyScreenshotMethod": false,
        "hideElements": [],
        "hideScrollBars": true,
        "removeElements": [],
        "waitForFontsLoaded": true,
      },
      "wic": {
        "addIOSBezelCorners": false,
        "addressBarShadowPadding": 6,
        "autoElementScroll": true,
        "autoSaveBaseline": false,
        "clearFolder": false,
        "compareOptions": {
          "blockOutSideBar": false,
          "blockOutStatusBar": false,
          "blockOutToolBar": false,
          "createJsonReportFiles": false,
          "diffPixelBoundingBoxProximity": 5,
          "ignoreAlpha": false,
          "ignoreAntialiasing": false,
          "ignoreColors": false,
          "ignoreLess": false,
          "ignoreNothing": false,
          "rawMisMatchPercentage": false,
          "returnAllCompareData": false,
          "saveAboveTolerance": 0,
          "scaleImagesToSameSize": false,
        },
        "disableBlinkingCursor": false,
        "disableCSSAnimation": false,
        "enableLayoutTesting": false,
        "enableLegacyScreenshotMethod": false,
        "formatImageName": "{tag}-{logName}-{width}x{height}-dpr-{dpr}",
        "fullPageScrollTimeout": 1500,
        "hideScrollBars": true,
        "isHybridApp": false,
        "savePerInstance": true,
        "tabbableOptions": {
          "circle": {
            "backgroundColor": "rgba(255, 0, 0, 0.4)",
            "borderColor": "rgba(255, 0, 0, 1)",
            "borderWidth": 1,
            "fontColor": "rgba(0, 0, 0, 1)",
            "fontFamily": "Arial",
            "fontSize": 10,
            "size": 10,
          },
          "line": {
            "color": "rgba(255, 0, 0, 1)",
            "width": 1,
          },
        },
        "toolBarShadowPadding": 6,
        "userBasedFullPageScreenshot": false,
        "waitForFontsLoaded": true,
      },
    },
    "tag": "test-screen",
  },
]
`;

exports[`checkWebScreen > should handle native context correctly 2`] = `
[
  {
    "isNativeContext": true,
    "isViewPortScreenshot": true,
    "options": {
      "compareOptions": {
        "method": {
          "ignoreAlpha": false,
          "ignoreAntialiasing": false,
          "ignoreColors": false,
          "ignoreLess": false,
          "ignoreNothing": false,
          "rawMisMatchPercentage": false,
          "returnAllCompareData": false,
          "saveAboveTolerance": 0,
          "scaleImagesToSameSize": false,
        },
        "wic": {
          "blockOutSideBar": false,
          "blockOutStatusBar": false,
          "blockOutToolBar": false,
          "createJsonReportFiles": false,
          "diffPixelBoundingBoxProximity": 5,
          "ignoreAlpha": false,
          "ignoreAntialiasing": false,
          "ignoreColors": false,
          "ignoreLess": false,
          "ignoreNothing": false,
          "rawMisMatchPercentage": false,
          "returnAllCompareData": false,
          "saveAboveTolerance": 0,
          "scaleImagesToSameSize": false,
        },
      },
      "devicePixelRatio": 2,
      "deviceRectangles": {
        "screenSize": {
          "height": 720,
          "width": 1280,
        },
      },
      "fileName": "test-screen.png",
      "folderOptions": {
        "actualFolder": "/mock/actual",
        "autoSaveBaseline": false,
        "baselineFolder": "/mock/baseline",
        "browserName": "chrome",
        "deviceName": "Desktop",
        "diffFolder": "/mock/diff",
        "isMobile": false,
        "savePerInstance": false,
      },
      "isAndroid": false,
      "isAndroidNativeWebScreenshot": false,
    },
    "testContext": {
      "commandName": "checkScreen",
      "framework": "vitest",
      "instanceData": {
        "app": "TestApp",
        "browser": {
          "name": "Chrome",
          "version": "118.0.0.0",
        },
        "deviceName": "iPhone 14",
        "isAndroid": false,
        "isIOS": true,
        "isMobile": true,
        "platform": {
          "name": "iOS",
          "version": "17.0",
        },
      },
      "parent": "test suite",
      "tag": "test-tag",
      "title": "test title",
    },
  },
]
`;

exports[`checkWebScreen > should merge compare options correctly 1`] = `
[
  {
    "browserInstance": {
      "isAndroid": false,
      "isMobile": false,
    },
    "folders": {
      "actualFolder": "/test/actual",
      "baselineFolder": "/test/baseline",
      "diffFolder": "/test/diff",
    },
    "instanceData": {
      "appName": "TestApp",
      "browserName": "Chrome",
      "browserVersion": "118.0.0.0",
      "deviceName": "iPhone 14",
      "devicePixelRatio": 2,
      "deviceRectangles": {
        "bottomBar": {
          "height": 0,
          "width": 390,
          "x": 0,
          "y": 800,
        },
        "homeBar": {
          "height": 34,
          "width": 390,
          "x": 0,
          "y": 780,
        },
        "leftSidePadding": {
          "height": 0,
          "width": 0,
          "x": 0,
          "y": 0,
        },
        "rightSidePadding": {
          "height": 0,
          "width": 0,
          "x": 0,
          "y": 0,
        },
        "screenSize": {
          "height": 844,
          "width": 390,
        },
        "statusBar": {
          "height": 47,
          "width": 390,
          "x": 0,
          "y": 0,
        },
        "statusBarAndAddressBar": {
          "height": 47,
          "width": 390,
          "x": 0,
          "y": 0,
        },
        "viewport": {
          "height": 733,
          "width": 390,
          "x": 0,
          "y": 47,
        },
      },
      "initialDevicePixelRatio": 2,
      "isAndroid": false,
      "isIOS": true,
      "isMobile": true,
      "logName": "test-log",
      "name": "test-device",
      "nativeWebScreenshot": false,
      "platformName": "iOS",
      "platformVersion": "17.0",
    },
    "isNativeContext": false,
    "saveScreenOptions": {
      "method": {
        "disableBlinkingCursor": true,
        "disableCSSAnimation": true,
        "enableLayoutTesting": true,
        "enableLegacyScreenshotMethod": false,
        "hideElements": [],
        "hideScrollBars": true,
        "removeElements": [],
        "waitForFontsLoaded": true,
      },
      "wic": {
        "addIOSBezelCorners": false,
        "addressBarShadowPadding": 6,
        "autoElementScroll": true,
        "autoSaveBaseline": false,
        "clearFolder": false,
        "compareOptions": {
          "blockOutSideBar": false,
          "blockOutStatusBar": false,
          "blockOutToolBar": false,
          "createJsonReportFiles": false,
          "diffPixelBoundingBoxProximity": 5,
          "ignoreAlpha": true,
          "ignoreAntialiasing": true,
          "ignoreColors": true,
          "ignoreLess": false,
          "ignoreNothing": false,
          "rawMisMatchPercentage": false,
          "returnAllCompareData": false,
          "saveAboveTolerance": 0,
          "scaleImagesToSameSize": false,
        },
        "disableBlinkingCursor": false,
        "disableCSSAnimation": false,
        "enableLayoutTesting": false,
        "enableLegacyScreenshotMethod": false,
        "formatImageName": "{tag}-{logName}-{width}x{height}-dpr-{dpr}",
        "fullPageScrollTimeout": 1500,
        "hideScrollBars": true,
        "isHybridApp": false,
        "savePerInstance": true,
        "tabbableOptions": {
          "circle": {
            "backgroundColor": "rgba(255, 0, 0, 0.4)",
            "borderColor": "rgba(255, 0, 0, 1)",
            "borderWidth": 1,
            "fontColor": "rgba(0, 0, 0, 1)",
            "fontFamily": "Arial",
            "fontSize": 10,
            "size": 10,
          },
          "line": {
            "color": "rgba(255, 0, 0, 1)",
            "width": 1,
          },
        },
        "toolBarShadowPadding": 6,
        "userBasedFullPageScreenshot": false,
        "waitForFontsLoaded": true,
      },
    },
    "tag": "test-screen",
  },
]
`;

exports[`checkWebScreen > should merge compare options correctly 2`] = `
[
  {
    "isNativeContext": false,
    "isViewPortScreenshot": true,
    "options": {
      "compareOptions": {
        "method": {
          "ignoreAlpha": false,
          "ignoreAntialiasing": false,
          "ignoreColors": false,
          "ignoreLess": false,
          "ignoreNothing": false,
          "rawMisMatchPercentage": false,
          "returnAllCompareData": false,
          "saveAboveTolerance": 0,
          "scaleImagesToSameSize": false,
        },
        "wic": {
          "blockOutSideBar": false,
          "blockOutStatusBar": false,
          "blockOutToolBar": false,
          "createJsonReportFiles": false,
          "diffPixelBoundingBoxProximity": 5,
          "ignoreAlpha": true,
          "ignoreAntialiasing": true,
          "ignoreColors": true,
          "ignoreLess": false,
          "ignoreNothing": false,
          "rawMisMatchPercentage": false,
          "returnAllCompareData": false,
          "saveAboveTolerance": 0,
          "scaleImagesToSameSize": false,
        },
      },
      "devicePixelRatio": 2,
      "deviceRectangles": {
        "screenSize": {
          "height": 720,
          "width": 1280,
        },
      },
      "fileName": "test-screen.png",
      "folderOptions": {
        "actualFolder": "/mock/actual",
        "autoSaveBaseline": false,
        "baselineFolder": "/mock/baseline",
        "browserName": "chrome",
        "deviceName": "Desktop",
        "diffFolder": "/mock/diff",
        "isMobile": false,
        "savePerInstance": false,
      },
      "isAndroid": false,
      "isAndroidNativeWebScreenshot": false,
    },
    "testContext": {
      "commandName": "checkScreen",
      "framework": "vitest",
      "instanceData": {
        "app": "TestApp",
        "browser": {
          "name": "Chrome",
          "version": "118.0.0.0",
        },
        "deviceName": "iPhone 14",
        "isAndroid": false,
        "isIOS": true,
        "isMobile": true,
        "platform": {
          "name": "iOS",
          "version": "17.0",
        },
      },
      "parent": "test suite",
      "tag": "test-tag",
      "title": "test title",
    },
  },
]
`;
