// Vitest Snapshot v1, https://vitest.dev/guide/snapshot.html

exports[`saveTabbablePage > should save a tabbable page screenshot 1`] = `
{
  "devicePixelRatio": 2,
  "fileName": "test-tabbable-page.png",
}
`;

exports[`saveTabbablePage > should save a tabbable page screenshot 2`] = `
[
  [
    [MockFunction spy],
    {
      "circle": {
        "backgroundColor": "red",
        "borderColor": "blue",
        "borderWidth": 2,
        "fontColor": "white",
        "fontFamily": "Arial",
        "fontSize": 10,
        "showNumber": true,
        "size": 10,
      },
      "line": {
        "color": "blue",
        "width": 1,
      },
    },
  ],
  [
    [MockFunction spy],
    "wic-tabbable-canvas",
  ],
]
`;

exports[`saveTabbablePage > should save a tabbable page screenshot 3`] = `
[
  [
    {
      "browserInstance": {
        "execute": [MockFunction spy] {
          "calls": [
            [
              [MockFunction spy],
              {
                "circle": {
                  "backgroundColor": "red",
                  "borderColor": "blue",
                  "borderWidth": 2,
                  "fontColor": "white",
                  "fontFamily": "Arial",
                  "fontSize": 10,
                  "showNumber": true,
                  "size": 10,
                },
                "line": {
                  "color": "blue",
                  "width": 1,
                },
              },
            ],
            [
              [MockFunction spy],
              "wic-tabbable-canvas",
            ],
          ],
          "results": [
            {
              "type": "return",
              "value": Promise {},
            },
            {
              "type": "return",
              "value": Promise {},
            },
          ],
        },
        "isAndroid": false,
        "isMobile": false,
      },
      "folders": {
        "actualFolder": "/test/actual",
        "baselineFolder": "/test/baseline",
        "diffFolder": "/test/diff",
      },
      "instanceData": {
        "appName": "TestApp",
        "browserName": "Chrome",
        "browserVersion": "118.0.0.0",
        "deviceName": "iPhone 14",
        "devicePixelRatio": 2,
        "deviceRectangles": {
          "bottomBar": {
            "height": 0,
            "width": 390,
            "x": 0,
            "y": 800,
          },
          "homeBar": {
            "height": 34,
            "width": 390,
            "x": 0,
            "y": 780,
          },
          "leftSidePadding": {
            "height": 0,
            "width": 0,
            "x": 0,
            "y": 0,
          },
          "rightSidePadding": {
            "height": 0,
            "width": 0,
            "x": 0,
            "y": 0,
          },
          "screenSize": {
            "height": 844,
            "width": 390,
          },
          "statusBar": {
            "height": 47,
            "width": 390,
            "x": 0,
            "y": 0,
          },
          "statusBarAndAddressBar": {
            "height": 47,
            "width": 390,
            "x": 0,
            "y": 0,
          },
          "viewport": {
            "height": 733,
            "width": 390,
            "x": 0,
            "y": 47,
          },
        },
        "initialDevicePixelRatio": 2,
        "isAndroid": false,
        "isIOS": true,
        "isMobile": true,
        "logName": "test-log",
        "name": "test-device",
        "nativeWebScreenshot": false,
        "platformName": "iOS",
        "platformVersion": "17.0",
      },
      "isNativeContext": false,
      "saveFullPageOptions": {
        "method": {
          "disableBlinkingCursor": false,
          "disableCSSAnimation": false,
          "enableLayoutTesting": false,
          "enableLegacyScreenshotMethod": false,
          "hideElements": [],
          "hideScrollBars": true,
          "removeElements": [],
          "waitForFontsLoaded": true,
        },
        "wic": {
          "addIOSBezelCorners": false,
          "addressBarShadowPadding": 6,
          "autoElementScroll": true,
          "autoSaveBaseline": false,
          "clearFolder": false,
          "compareOptions": {
            "blockOutSideBar": false,
            "blockOutStatusBar": false,
            "blockOutToolBar": false,
            "createJsonReportFiles": false,
            "diffPixelBoundingBoxProximity": 5,
            "ignoreAlpha": false,
            "ignoreAntialiasing": false,
            "ignoreColors": false,
            "ignoreLess": false,
            "ignoreNothing": false,
            "rawMisMatchPercentage": false,
            "returnAllCompareData": false,
            "saveAboveTolerance": 0,
            "scaleImagesToSameSize": false,
          },
          "disableBlinkingCursor": false,
          "disableCSSAnimation": false,
          "enableLayoutTesting": false,
          "enableLegacyScreenshotMethod": false,
          "formatImageName": "{tag}-{logName}-{width}x{height}-dpr-{dpr}",
          "fullPageScrollTimeout": 1500,
          "hideScrollBars": true,
          "isHybridApp": false,
          "savePerInstance": true,
          "tabbableOptions": {
            "circle": {
              "backgroundColor": "red",
              "borderColor": "blue",
              "borderWidth": 2,
              "fontColor": "white",
              "fontFamily": "Arial",
              "fontSize": 10,
              "showNumber": true,
              "size": 10,
            },
            "line": {
              "color": "blue",
              "width": 1,
            },
          },
          "toolBarShadowPadding": 6,
          "userBasedFullPageScreenshot": false,
          "waitForFontsLoaded": true,
        },
      },
      "tag": "test-tabbable-page",
    },
  ],
]
`;
